[2019-06-26T11:05:43.221+0800][0.003s] Using Concurrent Mark Sweep
[2019-06-26T11:05:43.221+0800][0.003s] Heap address: 0x00000000e0000000, size: 512 MB, Compressed Oops mode: 32-bit
[2019-06-26T11:05:43.898+0800][0.680s] GC(0) Pause Young (Allocation Failure)
[2019-06-26T11:05:43.899+0800][0.680s] GC(0) Using 4 workers of 4 for evacuation
[2019-06-26T11:05:43.905+0800][0.687s] GC(0) ParNew: 87424K->10243K(109248K)
[2019-06-26T11:05:43.905+0800][0.687s] GC(0) CMS: 0K->0K(393216K)
[2019-06-26T11:05:43.905+0800][0.687s] GC(0) Metaspace: 14480K->14480K(1062912K)
[2019-06-26T11:05:43.905+0800][0.687s] GC(0) Pause Young (Allocation Failure) 85M->10M(490M) 6.719ms
[2019-06-26T11:05:43.905+0800][0.687s] GC(0) User=0.03s Sys=0.00s Real=0.01s
[2019-06-26T11:05:44.534+0800][1.315s] GC(1) Pause Young (Allocation Failure)
[2019-06-26T11:05:44.534+0800][1.315s] GC(1) Using 4 workers of 4 for evacuation
[2019-06-26T11:05:44.540+0800][1.322s] GC(1) ParNew: 97667K->16748K(109248K)
[2019-06-26T11:05:44.540+0800][1.322s] GC(1) CMS: 0K->0K(393216K)
[2019-06-26T11:05:44.540+0800][1.322s] GC(1) Metaspace: 23443K->23443K(1071104K)
[2019-06-26T11:05:44.540+0800][1.322s] GC(1) Pause Young (Allocation Failure) 95M->16M(490M) 6.694ms
[2019-06-26T11:05:44.540+0800][1.322s] GC(1) User=0.02s Sys=0.00s Real=0.00s
[2019-06-26T11:05:44.540+0800][1.322s] GC(2) Pause Initial Mark
[2019-06-26T11:05:44.542+0800][1.324s] GC(2) Pause Initial Mark 17M->17M(490M) 1.765ms
[2019-06-26T11:05:44.542+0800][1.324s] GC(2) User=0.00s Sys=0.00s Real=0.01s
[2019-06-26T11:05:44.542+0800][1.324s] GC(2) Concurrent Mark
[2019-06-26T11:05:44.543+0800][1.324s] GC(2) Using 4 workers of 4 for marking
[2019-06-26T11:05:44.543+0800][1.324s] GC(2) Concurrent Mark 0.370ms
[2019-06-26T11:05:44.543+0800][1.324s] GC(2) User=0.00s Sys=0.00s Real=0.00s
[2019-06-26T11:05:44.543+0800][1.325s] GC(2) Concurrent Preclean
[2019-06-26T11:05:44.544+0800][1.326s] GC(2) Concurrent Preclean 1.015ms
[2019-06-26T11:05:44.544+0800][1.326s] GC(2) User=0.01s Sys=0.00s Real=0.00s
[2019-06-26T11:05:44.544+0800][1.326s] GC(2) Concurrent Abortable Preclean
[2019-06-26T11:05:44.778+0800][1.560s] GC(2) Concurrent Abortable Preclean 234.126ms
[2019-06-26T11:05:44.778+0800][1.560s] GC(2) User=0.97s Sys=0.04s Real=0.23s
[2019-06-26T11:05:44.779+0800][1.560s] GC(2) Pause Remark
[2019-06-26T11:05:44.779+0800][1.560s] GC(3) Pause Young (CMS Final Remark)
[2019-06-26T11:05:44.779+0800][1.560s] GC(3) Using 4 workers of 4 for evacuation
[2019-06-26T11:05:44.787+0800][1.569s] GC(3) ParNew: 61311K->21824K(109248K)
[2019-06-26T11:05:44.787+0800][1.569s] GC(3) CMS: 0K->11K(393216K)
[2019-06-26T11:05:44.787+0800][1.569s] GC(3) Metaspace: 27537K->27537K(1075200K)
[2019-06-26T11:05:44.787+0800][1.569s] GC(3) Pause Young (CMS Final Remark) 59M->21M(490M) 8.909ms
[2019-06-26T11:05:44.787+0800][1.569s] GC(3) User=0.05s Sys=0.00s Real=0.01s
[2019-06-26T11:05:44.793+0800][1.575s] GC(2) Pause Remark 59M->21M(490M) 14.590ms
[2019-06-26T11:05:44.793+0800][1.575s] GC(2) User=0.06s Sys=0.00s Real=0.02s
[2019-06-26T11:05:44.793+0800][1.575s] GC(2) Concurrent Sweep
[2019-06-26T11:05:44.793+0800][1.575s] GC(2) Concurrent Sweep 0.080ms
[2019-06-26T11:05:44.793+0800][1.575s] GC(2) User=0.00s Sys=0.00s Real=0.00s
[2019-06-26T11:05:44.793+0800][1.575s] GC(2) Concurrent Reset
[2019-06-26T11:05:44.796+0800][1.577s] GC(2) Concurrent Reset 2.455ms
[2019-06-26T11:05:44.796+0800][1.577s] GC(2) User=0.01s Sys=0.00s Real=0.00s
[2019-06-26T11:05:44.796+0800][1.577s] GC(2) Old: 0K->11K(393216K)
[2019-06-26T11:05:44.981+0800][1.762s] GC(4) Pause Young (Allocation Failure)
[2019-06-26T11:05:44.981+0800][1.762s] GC(4) Using 4 workers of 4 for evacuation
[2019-06-26T11:05:44.990+0800][1.772s] GC(4) ParNew: 109248K->21824K(109248K)
[2019-06-26T11:05:44.990+0800][1.772s] GC(4) CMS: 11K->1057K(393216K)
[2019-06-26T11:05:44.990+0800][1.772s] GC(4) Metaspace: 29381K->29381K(1075200K)
[2019-06-26T11:05:44.990+0800][1.772s] GC(4) Pause Young (Allocation Failure) 106M->22M(490M) 9.256ms
[2019-06-26T11:05:44.990+0800][1.772s] GC(4) User=0.05s Sys=0.01s Real=0.01s
[2019-06-26T11:05:45.091+0800][1.872s] GC(5) Pause Young (Allocation Failure)
[2019-06-26T11:05:45.091+0800][1.872s] GC(5) Using 4 workers of 4 for evacuation
[2019-06-26T11:05:45.098+0800][1.880s] GC(5) ParNew: 109248K->21824K(109248K)
[2019-06-26T11:05:45.098+0800][1.880s] GC(5) CMS: 1057K->2530K(393216K)
[2019-06-26T11:05:45.098+0800][1.880s] GC(5) Metaspace: 30441K->30441K(1077248K)
[2019-06-26T11:05:45.098+0800][1.880s] GC(5) Pause Young (Allocation Failure) 107M->23M(490M) 7.846ms
[2019-06-26T11:05:45.098+0800][1.880s] GC(5) User=0.02s Sys=0.00s Real=0.00s
[2019-06-26T11:05:45.384+0800][2.166s] GC(6) Pause Young (Allocation Failure)
[2019-06-26T11:05:45.384+0800][2.166s] GC(6) Using 4 workers of 4 for evacuation
[2019-06-26T11:05:45.394+0800][2.175s] GC(6) ParNew: 109248K->21824K(109248K)
[2019-06-26T11:05:45.394+0800][2.175s] GC(6) CMS: 2530K->3907K(393216K)
[2019-06-26T11:05:45.394+0800][2.175s] GC(6) Metaspace: 34396K->34396K(1081344K)
[2019-06-26T11:05:45.394+0800][2.175s] GC(6) Pause Young (Allocation Failure) 109M->25M(490M) 9.776ms
[2019-06-26T11:05:45.394+0800][2.175s] GC(6) User=0.06s Sys=0.00s Real=0.01s
[2019-06-26T11:05:56.602+0800][13.383s] GC(7) Pause Young (Allocation Failure)
[2019-06-26T11:05:56.602+0800][13.383s] GC(7) Using 4 workers of 4 for evacuation
[2019-06-26T11:05:56.612+0800][13.394s] GC(7) ParNew: 109248K->21824K(109248K)
[2019-06-26T11:05:56.612+0800][13.394s] GC(7) CMS: 3907K->6657K(393216K)
[2019-06-26T11:05:56.612+0800][13.394s] GC(7) Metaspace: 37933K->37933K(1083392K)
[2019-06-26T11:05:56.612+0800][13.394s] GC(7) Pause Young (Allocation Failure) 110M->27M(490M) 10.491ms
[2019-06-26T11:05:56.612+0800][13.394s] GC(7) User=0.04s Sys=0.00s Real=0.01s
[2019-06-26T11:05:56.664+0800][13.445s] GC(8) Pause Young (Allocation Failure)
[2019-06-26T11:05:56.664+0800][13.445s] GC(8) Using 4 workers of 4 for evacuation
[2019-06-26T11:05:56.672+0800][13.453s] GC(8) ParNew: 109248K->21824K(109248K)
[2019-06-26T11:05:56.672+0800][13.453s] GC(8) CMS: 6657K->8086K(393216K)
[2019-06-26T11:05:56.672+0800][13.453s] GC(8) Metaspace: 38032K->38032K(1083392K)
[2019-06-26T11:05:56.672+0800][13.453s] GC(8) Pause Young (Allocation Failure) 113M->29M(490M) 8.135ms
[2019-06-26T11:05:56.672+0800][13.453s] GC(8) User=0.03s Sys=0.00s Real=0.01s
[2019-06-26T11:05:57.871+0800][14.652s] GC(9) Pause Young (Allocation Failure)
[2019-06-26T11:05:57.871+0800][14.652s] GC(9) Using 4 workers of 4 for evacuation
[2019-06-26T11:05:57.881+0800][14.662s] GC(9) ParNew: 109248K->21824K(109248K)
[2019-06-26T11:05:57.881+0800][14.662s] GC(9) CMS: 8086K->14622K(393216K)
[2019-06-26T11:05:57.881+0800][14.662s] GC(9) Metaspace: 38430K->38430K(1083392K)
[2019-06-26T11:05:57.881+0800][14.662s] GC(9) Pause Young (Allocation Failure) 114M->35M(490M) 9.951ms
[2019-06-26T11:05:57.881+0800][14.662s] GC(9) User=0.03s Sys=0.01s Real=0.00s
[2019-06-26T11:08:28.891+0800][165.672s] GC(10) Pause Young (Allocation Failure)
[2019-06-26T11:08:28.891+0800][165.672s] GC(10) Using 4 workers of 4 for evacuation
[2019-06-26T11:08:28.903+0800][165.684s] GC(10) ParNew: 109248K->21824K(109248K)
[2019-06-26T11:08:28.903+0800][165.684s] GC(10) CMS: 14622K->19072K(393216K)
[2019-06-26T11:08:28.903+0800][165.684s] GC(10) Metaspace: 41518K->41518K(1087488K)
[2019-06-26T11:08:28.903+0800][165.684s] GC(10) Pause Young (Allocation Failure) 120M->39M(490M) 12.408ms
[2019-06-26T11:08:28.903+0800][165.684s] GC(10) User=0.07s Sys=0.00s Real=0.01s
[2019-06-26T11:08:29.252+0800][166.034s] GC(11) Pause Young (Allocation Failure)
[2019-06-26T11:08:29.252+0800][166.034s] GC(11) Using 4 workers of 4 for evacuation
[2019-06-26T11:08:29.263+0800][166.044s] GC(11) ParNew: 109248K->21824K(109248K)
[2019-06-26T11:08:29.263+0800][166.044s] GC(11) CMS: 19072K->26698K(393216K)
[2019-06-26T11:08:29.263+0800][166.044s] GC(11) Metaspace: 41537K->41537K(1087488K)
[2019-06-26T11:08:29.263+0800][166.044s] GC(11) Pause Young (Allocation Failure) 125M->47M(490M) 10.494ms
[2019-06-26T11:08:29.263+0800][166.044s] GC(11) User=0.04s Sys=0.00s Real=0.01s
[2019-06-26T11:08:29.533+0800][166.315s] GC(12) Pause Young (Allocation Failure)
[2019-06-26T11:08:29.533+0800][166.315s] GC(12) Using 4 workers of 4 for evacuation
[2019-06-26T11:08:29.544+0800][166.325s] GC(12) ParNew: 109248K->21824K(109248K)
[2019-06-26T11:08:29.544+0800][166.325s] GC(12) CMS: 26698K->28997K(393216K)
[2019-06-26T11:08:29.544+0800][166.325s] GC(12) Metaspace: 41564K->41564K(1087488K)
[2019-06-26T11:08:29.544+0800][166.325s] GC(12) Pause Young (Allocation Failure) 132M->49M(490M) 10.664ms
[2019-06-26T11:08:29.544+0800][166.325s] GC(12) User=0.04s Sys=0.00s Real=0.01s
[2019-06-26T11:08:29.805+0800][166.586s] GC(13) Pause Young (Allocation Failure)
[2019-06-26T11:08:29.805+0800][166.586s] GC(13) Using 4 workers of 4 for evacuation
[2019-06-26T11:08:29.824+0800][166.605s] GC(13) ParNew: 109248K->21824K(109248K)
[2019-06-26T11:08:29.824+0800][166.605s] GC(13) CMS: 28997K->41644K(393216K)
[2019-06-26T11:08:29.824+0800][166.605s] GC(13) Metaspace: 41629K->41629K(1087488K)
[2019-06-26T11:08:29.824+0800][166.606s] GC(13) Pause Young (Allocation Failure) 135M->61M(490M) 19.324ms
[2019-06-26T11:08:29.824+0800][166.606s] GC(13) User=0.10s Sys=0.01s Real=0.02s
[2019-06-26T11:08:30.030+0800][166.811s] GC(14) Pause Young (Allocation Failure)
[2019-06-26T11:08:30.030+0800][166.811s] GC(14) Using 4 workers of 4 for evacuation
[2019-06-26T11:08:30.038+0800][166.819s] GC(14) ParNew: 109248K->21824K(109248K)
[2019-06-26T11:08:30.038+0800][166.819s] GC(14) CMS: 41644K->42580K(393216K)
[2019-06-26T11:08:30.038+0800][166.819s] GC(14) Metaspace: 41642K->41642K(1087488K)
[2019-06-26T11:08:30.038+0800][166.819s] GC(14) Pause Young (Allocation Failure) 147M->62M(490M) 8.370ms
[2019-06-26T11:08:30.038+0800][166.819s] GC(14) User=0.04s Sys=0.00s Real=0.00s
[2019-06-26T11:08:30.228+0800][167.009s] GC(15) Pause Young (Allocation Failure)
[2019-06-26T11:08:30.228+0800][167.009s] GC(15) Using 4 workers of 4 for evacuation
[2019-06-26T11:08:30.240+0800][167.021s] GC(15) ParNew: 109248K->21824K(109248K)
[2019-06-26T11:08:30.240+0800][167.021s] GC(15) CMS: 42580K->48470K(393216K)
[2019-06-26T11:08:30.240+0800][167.021s] GC(15) Metaspace: 41648K->41648K(1087488K)
[2019-06-26T11:08:30.240+0800][167.021s] GC(15) Pause Young (Allocation Failure) 148M->68M(490M) 11.839ms
[2019-06-26T11:08:30.240+0800][167.021s] GC(15) User=0.06s Sys=0.00s Real=0.01s
[2019-06-26T11:08:30.428+0800][167.209s] GC(16) Pause Young (Allocation Failure)
[2019-06-26T11:08:30.428+0800][167.209s] GC(16) Using 4 workers of 4 for evacuation
[2019-06-26T11:08:30.437+0800][167.219s] GC(16) ParNew: 109248K->21824K(109248K)
[2019-06-26T11:08:30.437+0800][167.219s] GC(16) CMS: 48470K->53019K(393216K)
[2019-06-26T11:08:30.437+0800][167.219s] GC(16) Metaspace: 41650K->41650K(1087488K)
[2019-06-26T11:08:30.437+0800][167.219s] GC(16) Pause Young (Allocation Failure) 154M->73M(490M) 9.803ms
[2019-06-26T11:08:30.437+0800][167.219s] GC(16) User=0.04s Sys=0.00s Real=0.01s
[2019-06-26T11:08:30.599+0800][167.381s] GC(17) Pause Young (Allocation Failure)
[2019-06-26T11:08:30.599+0800][167.381s] GC(17) Using 4 workers of 4 for evacuation
[2019-06-26T11:08:30.609+0800][167.391s] GC(17) ParNew: 109248K->21824K(109248K)
[2019-06-26T11:08:30.609+0800][167.391s] GC(17) CMS: 53019K->58715K(393216K)
[2019-06-26T11:08:30.609+0800][167.391s] GC(17) Metaspace: 41651K->41651K(1087488K)
[2019-06-26T11:08:30.609+0800][167.391s] GC(17) Pause Young (Allocation Failure) 158M->78M(490M) 10.112ms
[2019-06-26T11:08:30.609+0800][167.391s] GC(17) User=0.04s Sys=0.00s Real=0.02s
[2019-06-26T11:08:30.766+0800][167.547s] GC(18) Pause Young (Allocation Failure)
[2019-06-26T11:08:30.766+0800][167.547s] GC(18) Using 4 workers of 4 for evacuation
[2019-06-26T11:08:30.777+0800][167.558s] GC(18) ParNew: 109248K->21824K(109248K)
[2019-06-26T11:08:30.777+0800][167.558s] GC(18) CMS: 58715K->66892K(393216K)
[2019-06-26T11:08:30.777+0800][167.558s] GC(18) Metaspace: 41652K->41652K(1087488K)
[2019-06-26T11:08:30.777+0800][167.558s] GC(18) Pause Young (Allocation Failure) 164M->86M(490M) 10.653ms
[2019-06-26T11:08:30.777+0800][167.558s] GC(18) User=0.04s Sys=0.01s Real=0.01s
[2019-06-26T11:08:30.934+0800][167.715s] GC(19) Pause Young (Allocation Failure)
[2019-06-26T11:08:30.934+0800][167.715s] GC(19) Using 4 workers of 4 for evacuation
[2019-06-26T11:08:30.945+0800][167.726s] GC(19) ParNew: 109248K->21824K(109248K)
[2019-06-26T11:08:30.945+0800][167.726s] GC(19) CMS: 66892K->69464K(393216K)
[2019-06-26T11:08:30.945+0800][167.726s] GC(19) Metaspace: 41652K->41652K(1087488K)
[2019-06-26T11:08:30.945+0800][167.726s] GC(19) Pause Young (Allocation Failure) 172M->89M(490M) 10.918ms
[2019-06-26T11:08:30.945+0800][167.726s] GC(19) User=0.04s Sys=0.01s Real=0.01s
[2019-06-26T11:08:31.106+0800][167.888s] GC(20) Pause Young (Allocation Failure)
[2019-06-26T11:08:31.106+0800][167.888s] GC(20) Using 4 workers of 4 for evacuation
[2019-06-26T11:08:31.117+0800][167.899s] GC(20) ParNew: 109248K->21824K(109248K)
[2019-06-26T11:08:31.118+0800][167.899s] GC(20) CMS: 69464K->74825K(393216K)
[2019-06-26T11:08:31.118+0800][167.899s] GC(20) Metaspace: 41661K->41661K(1087488K)
[2019-06-26T11:08:31.118+0800][167.899s] GC(20) Pause Young (Allocation Failure) 174M->94M(490M) 11.085ms
[2019-06-26T11:08:31.118+0800][167.899s] GC(20) User=0.04s Sys=0.00s Real=0.01s
[2019-06-26T11:08:31.279+0800][168.061s] GC(21) Pause Young (Allocation Failure)
[2019-06-26T11:08:31.279+0800][168.061s] GC(21) Using 4 workers of 4 for evacuation
[2019-06-26T11:08:31.291+0800][168.072s] GC(21) ParNew: 109248K->21824K(109248K)
[2019-06-26T11:08:31.291+0800][168.072s] GC(21) CMS: 74825K->83183K(393216K)
[2019-06-26T11:08:31.291+0800][168.072s] GC(21) Metaspace: 41661K->41661K(1087488K)
[2019-06-26T11:08:31.291+0800][168.072s] GC(21) Pause Young (Allocation Failure) 179M->102M(490M) 11.695ms
[2019-06-26T11:08:31.291+0800][168.072s] GC(21) User=0.03s Sys=0.01s Real=0.02s
[2019-06-26T11:08:31.445+0800][168.226s] GC(22) Pause Young (Allocation Failure)
[2019-06-26T11:08:31.445+0800][168.226s] GC(22) Using 4 workers of 4 for evacuation
[2019-06-26T11:08:31.459+0800][168.241s] GC(22) ParNew: 109248K->21824K(109248K)
[2019-06-26T11:08:31.459+0800][168.241s] GC(22) CMS: 83183K->89288K(393216K)
[2019-06-26T11:08:31.459+0800][168.241s] GC(22) Metaspace: 41661K->41661K(1087488K)
[2019-06-26T11:08:31.459+0800][168.241s] GC(22) Pause Young (Allocation Failure) 187M->108M(490M) 14.772ms
[2019-06-26T11:08:31.459+0800][168.241s] GC(22) User=0.06s Sys=0.00s Real=0.01s
[2019-06-26T11:08:31.651+0800][168.433s] GC(23) Pause Young (Allocation Failure)
[2019-06-26T11:08:31.651+0800][168.433s] GC(23) Using 4 workers of 4 for evacuation
[2019-06-26T11:08:31.664+0800][168.445s] GC(23) ParNew: 109248K->21824K(109248K)
[2019-06-26T11:08:31.664+0800][168.445s] GC(23) CMS: 89288K->95230K(393216K)
[2019-06-26T11:08:31.664+0800][168.445s] GC(23) Metaspace: 41666K->41666K(1087488K)
[2019-06-26T11:08:31.664+0800][168.445s] GC(23) Pause Young (Allocation Failure) 193M->114M(490M) 12.404ms
[2019-06-26T11:08:31.664+0800][168.445s] GC(23) User=0.05s Sys=0.00s Real=0.01s
[2019-06-26T11:08:31.819+0800][168.600s] GC(24) Pause Young (Allocation Failure)
[2019-06-26T11:08:31.819+0800][168.600s] GC(24) Using 4 workers of 4 for evacuation
[2019-06-26T11:08:31.830+0800][168.611s] GC(24) ParNew: 109248K->21824K(109248K)
[2019-06-26T11:08:31.830+0800][168.611s] GC(24) CMS: 95230K->100498K(393216K)
[2019-06-26T11:08:31.830+0800][168.611s] GC(24) Metaspace: 41666K->41666K(1087488K)
[2019-06-26T11:08:31.830+0800][168.611s] GC(24) Pause Young (Allocation Failure) 199M->119M(490M) 11.215ms
[2019-06-26T11:08:31.830+0800][168.611s] GC(24) User=0.04s Sys=0.01s Real=0.02s
[2019-06-26T11:08:31.985+0800][168.767s] GC(25) Pause Young (Allocation Failure)
[2019-06-26T11:08:31.986+0800][168.767s] GC(25) Using 4 workers of 4 for evacuation
[2019-06-26T11:08:31.998+0800][168.779s] GC(25) ParNew: 109248K->21824K(109248K)
[2019-06-26T11:08:31.998+0800][168.779s] GC(25) CMS: 100498K->106472K(393216K)
[2019-06-26T11:08:31.998+0800][168.779s] GC(25) Metaspace: 41666K->41666K(1087488K)
[2019-06-26T11:08:31.998+0800][168.779s] GC(25) Pause Young (Allocation Failure) 204M->125M(490M) 12.180ms
[2019-06-26T11:08:31.998+0800][168.779s] GC(25) User=0.05s Sys=0.00s Real=0.01s
[2019-06-26T11:08:32.157+0800][168.939s] GC(26) Pause Young (Allocation Failure)
[2019-06-26T11:08:32.157+0800][168.939s] GC(26) Using 4 workers of 4 for evacuation
[2019-06-26T11:08:32.170+0800][168.951s] GC(26) ParNew: 109248K->21824K(109248K)
[2019-06-26T11:08:32.170+0800][168.951s] GC(26) CMS: 106472K->113113K(393216K)
[2019-06-26T11:08:32.170+0800][168.951s] GC(26) Metaspace: 41672K->41672K(1087488K)
[2019-06-26T11:08:32.170+0800][168.951s] GC(26) Pause Young (Allocation Failure) 210M->131M(490M) 12.340ms
[2019-06-26T11:08:32.170+0800][168.951s] GC(26) User=0.04s Sys=0.00s Real=0.02s
[2019-06-26T11:08:33.286+0800][170.067s] GC(27) Pause Young (Allocation Failure)
[2019-06-26T11:08:33.286+0800][170.067s] GC(27) Using 4 workers of 4 for evacuation
[2019-06-26T11:08:33.298+0800][170.080s] GC(27) ParNew: 109248K->21824K(109248K)
[2019-06-26T11:08:33.298+0800][170.080s] GC(27) CMS: 113113K->119481K(393216K)
[2019-06-26T11:08:33.298+0800][170.080s] GC(27) Metaspace: 42335K->42335K(1087488K)
[2019-06-26T11:08:33.298+0800][170.080s] GC(27) Pause Young (Allocation Failure) 217M->137M(490M) 12.695ms
[2019-06-26T11:08:33.299+0800][170.080s] GC(27) User=0.05s Sys=0.01s Real=0.01s
[2019-06-26T11:08:33.509+0800][170.291s] GC(28) Pause Young (Allocation Failure)
[2019-06-26T11:08:33.509+0800][170.291s] GC(28) Using 4 workers of 4 for evacuation
[2019-06-26T11:08:33.519+0800][170.300s] GC(28) ParNew: 109248K->21824K(109248K)
[2019-06-26T11:08:33.519+0800][170.300s] GC(28) CMS: 119481K->126324K(393216K)
[2019-06-26T11:08:33.519+0800][170.300s] GC(28) Metaspace: 42363K->42363K(1087488K)
[2019-06-26T11:08:33.519+0800][170.300s] GC(28) Pause Young (Allocation Failure) 223M->144M(490M) 9.294ms
[2019-06-26T11:08:33.519+0800][170.300s] GC(28) User=0.04s Sys=0.00s Real=0.00s
[2019-06-26T11:08:33.608+0800][170.389s] GC(29) Pause Young (Allocation Failure)
[2019-06-26T11:08:33.608+0800][170.389s] GC(29) Using 4 workers of 4 for evacuation
[2019-06-26T11:08:33.615+0800][170.396s] GC(29) ParNew: 109248K->19755K(109248K)
[2019-06-26T11:08:33.615+0800][170.396s] GC(29) CMS: 126324K->126324K(393216K)
[2019-06-26T11:08:33.615+0800][170.396s] GC(29) Metaspace: 42366K->42366K(1087488K)
[2019-06-26T11:08:33.615+0800][170.396s] GC(29) Pause Young (Allocation Failure) 230M->142M(490M) 6.949ms
[2019-06-26T11:08:33.615+0800][170.396s] GC(29) User=0.04s Sys=0.00s Real=0.01s
[2019-06-26T13:32:44.998+0800][8821.779s] GC(30) Pause Young (Allocation Failure)
[2019-06-26T13:32:44.998+0800][8821.779s] GC(30) Using 4 workers of 4 for evacuation
[2019-06-26T13:32:45.007+0800][8821.789s] GC(30) ParNew: 107179K->17427K(109248K)
[2019-06-26T13:32:45.007+0800][8821.789s] GC(30) CMS: 126324K->126324K(393216K)
[2019-06-26T13:32:45.007+0800][8821.789s] GC(30) Metaspace: 44505K->44505K(1089536K)
[2019-06-26T13:32:45.007+0800][8821.789s] GC(30) Pause Young (Allocation Failure) 228M->140M(490M) 9.450ms
[2019-06-26T13:32:45.007+0800][8821.789s] GC(30) User=0.03s Sys=0.00s Real=0.01s
[2019-06-26T20:17:45.940+0800][33122.722s] GC(31) Pause Young (Allocation Failure)
[2019-06-26T20:17:45.955+0800][33122.736s] GC(31) Using 4 workers of 4 for evacuation
[2019-06-26T20:17:45.963+0800][33122.745s] GC(31) ParNew: 104851K->18931K(109248K)
[2019-06-26T20:17:45.963+0800][33122.745s] GC(31) CMS: 126324K->126324K(393216K)
[2019-06-26T20:17:45.963+0800][33122.745s] GC(31) Metaspace: 44912K->44912K(1089536K)
[2019-06-26T20:17:45.963+0800][33122.745s] GC(31) Pause Young (Allocation Failure) 225M->141M(490M) 22.964ms
[2019-06-26T20:17:45.963+0800][33122.745s] GC(31) User=0.03s Sys=0.00s Real=0.03s
[2019-06-27T03:25:46.931+0800][58803.713s] GC(32) Pause Young (Allocation Failure)
[2019-06-27T03:25:46.931+0800][58803.713s] GC(32) Using 4 workers of 4 for evacuation
[2019-06-27T03:25:46.941+0800][58803.722s] GC(32) ParNew: 106355K->20175K(109248K)
[2019-06-27T03:25:46.941+0800][58803.722s] GC(32) CMS: 126324K->126324K(393216K)
[2019-06-27T03:25:46.941+0800][58803.722s] GC(32) Metaspace: 44988K->44988K(1089536K)
[2019-06-27T03:25:46.941+0800][58803.722s] GC(32) Pause Young (Allocation Failure) 227M->143M(490M) 9.264ms
[2019-06-27T03:25:46.941+0800][58803.722s] GC(32) User=0.03s Sys=0.00s Real=0.00s
