[2019-06-26T10:20:18.890+0800][0.003s] Using Concurrent Mark Sweep
[2019-06-26T10:20:18.890+0800][0.003s] Heap address: 0x00000000e0000000, size: 512 MB, Compressed Oops mode: 32-bit
[2019-06-26T10:20:19.626+0800][0.739s] GC(0) Pause Young (Allocation Failure)
[2019-06-26T10:20:19.626+0800][0.739s] GC(0) Using 4 workers of 4 for evacuation
[2019-06-26T10:20:19.633+0800][0.745s] GC(0) ParNew: 87424K->10307K(109248K)
[2019-06-26T10:20:19.633+0800][0.745s] GC(0) CMS: 0K->0K(393216K)
[2019-06-26T10:20:19.633+0800][0.745s] GC(0) Metaspace: 14761K->14761K(1062912K)
[2019-06-26T10:20:19.633+0800][0.745s] GC(0) Pause Young (Allocation Failure) 85M->10M(490M) 6.651ms
[2019-06-26T10:20:19.633+0800][0.745s] GC(0) User=0.02s Sys=0.00s Real=0.01s
[2019-06-26T10:20:20.296+0800][1.409s] GC(1) Pause Young (Allocation Failure)
[2019-06-26T10:20:20.296+0800][1.409s] GC(1) Using 4 workers of 4 for evacuation
[2019-06-26T10:20:20.303+0800][1.415s] GC(1) ParNew: 97731K->15751K(109248K)
[2019-06-26T10:20:20.303+0800][1.415s] GC(1) CMS: 0K->0K(393216K)
[2019-06-26T10:20:20.303+0800][1.415s] GC(1) Metaspace: 23627K->23627K(1071104K)
[2019-06-26T10:20:20.303+0800][1.415s] GC(1) Pause Young (Allocation Failure) 95M->15M(490M) 6.642ms
[2019-06-26T10:20:20.303+0800][1.415s] GC(1) User=0.03s Sys=0.00s Real=0.01s
[2019-06-26T10:20:20.303+0800][1.416s] GC(2) Pause Initial Mark
[2019-06-26T10:20:20.305+0800][1.417s] GC(2) Pause Initial Mark 16M->16M(490M) 1.745ms
[2019-06-26T10:20:20.305+0800][1.417s] GC(2) User=0.00s Sys=0.00s Real=0.00s
[2019-06-26T10:20:20.305+0800][1.418s] GC(2) Concurrent Mark
[2019-06-26T10:20:20.305+0800][1.418s] GC(2) Using 4 workers of 4 for marking
[2019-06-26T10:20:20.306+0800][1.418s] GC(2) Concurrent Mark 0.501ms
[2019-06-26T10:20:20.306+0800][1.418s] GC(2) User=0.01s Sys=0.00s Real=0.00s
[2019-06-26T10:20:20.306+0800][1.418s] GC(2) Concurrent Preclean
[2019-06-26T10:20:20.307+0800][1.419s] GC(2) Concurrent Preclean 0.958ms
[2019-06-26T10:20:20.307+0800][1.419s] GC(2) User=0.00s Sys=0.00s Real=0.00s
[2019-06-26T10:20:20.307+0800][1.419s] GC(2) Pause Remark
[2019-06-26T10:20:20.307+0800][1.419s] GC(3) Pause Young (CMS Final Remark)
[2019-06-26T10:20:20.307+0800][1.419s] GC(3) Using 4 workers of 4 for evacuation
[2019-06-26T10:20:20.312+0800][1.424s] GC(3) ParNew: 17337K->19265K(109248K)
[2019-06-26T10:20:20.312+0800][1.424s] GC(3) CMS: 0K->0K(393216K)
[2019-06-26T10:20:20.312+0800][1.424s] GC(3) Metaspace: 23637K->23637K(1071104K)
[2019-06-26T10:20:20.312+0800][1.424s] GC(3) Pause Young (CMS Final Remark) 16M->18M(490M) 4.904ms
[2019-06-26T10:20:20.312+0800][1.424s] GC(3) User=0.02s Sys=0.00s Real=0.01s
[2019-06-26T10:20:20.316+0800][1.429s] GC(2) Pause Remark 16M->18M(490M) 9.363ms
[2019-06-26T10:20:20.316+0800][1.429s] GC(2) User=0.03s Sys=0.00s Real=0.01s
[2019-06-26T10:20:20.316+0800][1.429s] GC(2) Concurrent Sweep
[2019-06-26T10:20:20.316+0800][1.429s] GC(2) Concurrent Sweep 0.030ms
[2019-06-26T10:20:20.316+0800][1.429s] GC(2) User=0.00s Sys=0.00s Real=0.00s
[2019-06-26T10:20:20.316+0800][1.429s] GC(2) Concurrent Reset
[2019-06-26T10:20:20.319+0800][1.431s] GC(2) Concurrent Reset 2.673ms
[2019-06-26T10:20:20.319+0800][1.432s] GC(2) User=0.00s Sys=0.01s Real=0.00s
[2019-06-26T10:20:20.319+0800][1.432s] GC(2) Old: 0K->0K(393216K)
[2019-06-26T10:29:00.114+0800][521.227s] GC(4) Pause Young (Allocation Failure)
[2019-06-26T10:29:00.114+0800][521.227s] GC(4) Using 4 workers of 4 for evacuation
[2019-06-26T10:29:00.123+0800][521.236s] GC(4) ParNew: 106689K->21824K(109248K)
[2019-06-26T10:29:00.123+0800][521.236s] GC(4) CMS: 0K->0K(393216K)
[2019-06-26T10:29:00.123+0800][521.236s] GC(4) Metaspace: 29362K->29362K(1075200K)
[2019-06-26T10:29:00.123+0800][521.236s] GC(4) Pause Young (Allocation Failure) 104M->21M(490M) 9.244ms
[2019-06-26T10:29:00.123+0800][521.236s] GC(4) User=0.05s Sys=0.00s Real=0.01s
[2019-06-26T10:29:00.282+0800][521.394s] GC(5) Pause Young (Allocation Failure)
[2019-06-26T10:29:00.282+0800][521.394s] GC(5) Using 4 workers of 4 for evacuation
[2019-06-26T10:29:00.291+0800][521.403s] GC(5) ParNew: 109248K->21824K(109248K)
[2019-06-26T10:29:00.291+0800][521.403s] GC(5) CMS: 0K->246K(393216K)
[2019-06-26T10:29:00.291+0800][521.403s] GC(5) Metaspace: 31078K->31078K(1077248K)
[2019-06-26T10:29:00.291+0800][521.403s] GC(5) Pause Young (Allocation Failure) 106M->21M(490M) 8.830ms
[2019-06-26T10:29:00.291+0800][521.403s] GC(5) User=0.05s Sys=0.00s Real=0.01s
[2019-06-26T10:29:00.448+0800][521.560s] GC(6) Pause Young (Allocation Failure)
[2019-06-26T10:29:00.448+0800][521.561s] GC(6) Using 4 workers of 4 for evacuation
[2019-06-26T10:29:00.457+0800][521.569s] GC(6) ParNew: 109248K->21824K(109248K)
[2019-06-26T10:29:00.457+0800][521.569s] GC(6) CMS: 246K->710K(393216K)
[2019-06-26T10:29:00.457+0800][521.569s] GC(6) Metaspace: 32813K->32813K(1079296K)
[2019-06-26T10:29:00.457+0800][521.569s] GC(6) Pause Young (Allocation Failure) 106M->22M(490M) 8.573ms
[2019-06-26T10:29:00.457+0800][521.569s] GC(6) User=0.04s Sys=0.01s Real=0.01s
[2019-06-26T10:29:00.934+0800][522.047s] GC(7) Pause Young (Allocation Failure)
[2019-06-26T10:29:00.934+0800][522.047s] GC(7) Using 4 workers of 4 for evacuation
[2019-06-26T10:29:00.948+0800][522.060s] GC(7) ParNew: 109248K->21824K(109248K)
[2019-06-26T10:29:00.948+0800][522.060s] GC(7) CMS: 710K->2723K(393216K)
[2019-06-26T10:29:00.948+0800][522.060s] GC(7) Metaspace: 38103K->38103K(1083392K)
[2019-06-26T10:29:00.948+0800][522.060s] GC(7) Pause Young (Allocation Failure) 107M->23M(490M) 13.610ms
[2019-06-26T10:29:00.948+0800][522.060s] GC(7) User=0.07s Sys=0.00s Real=0.01s
[2019-06-26T10:45:36.422+0800][1517.535s] GC(8) Pause Young (Allocation Failure)
[2019-06-26T10:45:36.422+0800][1517.535s] GC(8) Using 4 workers of 4 for evacuation
[2019-06-26T10:45:36.433+0800][1517.546s] GC(8) ParNew: 109248K->21824K(109248K)
[2019-06-26T10:45:36.433+0800][1517.546s] GC(8) CMS: 2723K->10999K(393216K)
[2019-06-26T10:45:36.433+0800][1517.546s] GC(8) Metaspace: 38968K->38968K(1085440K)
[2019-06-26T10:45:36.433+0800][1517.546s] GC(8) Pause Young (Allocation Failure) 109M->32M(490M) 10.751ms
[2019-06-26T10:45:36.433+0800][1517.546s] GC(8) User=0.05s Sys=0.01s Real=0.01s
[2019-06-26T11:05:41.109+0800][2722.222s] Heap
[2019-06-26T11:05:41.109+0800][2722.222s]  par new generation   total 109248K, used 93872K [0x00000000e0000000, 0x00000000e8000000, 0x00000000e8000000)
[2019-06-26T11:05:41.109+0800][2722.222s]   eden space 87424K,  82% used [0x00000000e0000000, 0x00000000e465c3e0, 0x00000000e5560000)
[2019-06-26T11:05:41.109+0800][2722.222s]   from space 21824K, 100% used [0x00000000e5560000, 0x00000000e6ab0000, 0x00000000e6ab0000)
[2019-06-26T11:05:41.109+0800][2722.222s]   to   space 21824K,   0% used [0x00000000e6ab0000, 0x00000000e6ab0000, 0x00000000e8000000)
[2019-06-26T11:05:41.109+0800][2722.222s]  concurrent mark-sweep generation total 393216K, used 10999K [0x00000000e8000000, 0x0000000100000000, 0x0000000100000000)
[2019-06-26T11:05:41.109+0800][2722.222s]  Metaspace       used 39690K, capacity 40799K, committed 40900K, reserved 1085440K
[2019-06-26T11:05:41.109+0800][2722.222s]   class space    used 4739K, capacity 5163K, committed 5168K, reserved 1048576K
